[biostat.app.vumc.org/wiki/Main/DalePlummer/index.html]
[backblue.gif]
[fade.gif]
[index.html]
[biostat.app.vumc.org/wiki/pub/Main/SitePreferences/favicon.ico]
[biostat.app.vumc.org/wiki/bin/edit/Main/DalePlummerd5a0.html]
[biostat.app.vumc.org/wiki/Main/WebRss]
[biostat.app.vumc.org/wiki/pub/System/PageOptimizerPlugin/cache/76ea346e610aea74367a807e2dd00ef6.css]
[biostat.app.vumc.org/wiki/pub/Main/SitePreferences/top_bar_gradient.png]
[biostat.app.vumc.org/wiki/pub/System/PatternSkin/print.css]
[biostat.app.vumc.org/wiki/pub/System/JQueryPlugin/jquery-2.2.4.js]
[biostat.app.vumc.org/wiki/pub/System/JQueryPlugin/plugins/observer/observer4abf.js]
[biostat.app.vumc.org/wiki/pub/System/JQueryPlugin/plugins/migrate/jquery.migrate4152.js]
[biostat.app.vumc.org/wiki/pub/System/JQueryPlugin/plugins/foswiki/jquery.foswikiae26.js]
[biostat.app.vumc.org/wiki/pub/System/JQueryPlugin/plugins/browser/jquery.browser72db.js]
[biostat.app.vumc.org/wiki/pub/System/JQueryPlugin/plugins/easing/jquery.easing7c6c.js]
[biostat.app.vumc.org/wiki/pub/System/JQueryPlugin/plugins/metadata/jquery.metadata1446.js]
[biostat.app.vumc.org/wiki/pub/System/JavascriptFiles/foswikiString.js]
[biostat.app.vumc.org/wiki/pub/System/JavascriptFiles/foswikiPref.js]
[biostat.app.vumc.org/wiki/pub/System/TwistyPlugin/jquery.twisty327a.js]
[biostat.app.vumc.org/wiki/pub/System/JQueryPlugin/plugins/ui/jquery-uif90a.js]
[biostat.app.vumc.org/wiki/pub/System/JQueryPlugin/plugins/ui/jquery.ui.autocomplete.initf90a.js]
[biostat.app.vumc.org/wiki/pub/System/JSCalendarContrib/calendar.js]
[biostat.app.vumc.org/wiki/pub/System/JSCalendarContrib/lang/calendar-en.js]
[biostat.app.vumc.org/wiki/pub/System/JSCalendarContrib/foswiki.js]
[biostat.app.vumc.org/wiki/pub/System/JavascriptFiles/foswikiForm.js]
[biostat.app.vumc.org/wiki/pub/System/JavascriptFiles/strikeone.js]
[biostat.app.vumc.org/wiki/pub/System/PatternSkin/pattern.js]
[biostat.app.vumc.org/wiki/Main/WebHome.html]
[biostat.app.vumc.org/wiki/pub/Main/SitePreferences/Lockup_VUMC_DeptofBiostatistics_COLORe.png]
[biostat.app.vumc.org/wiki/System/UserRegistration.html]
[biostat.app.vumc.org/wiki/bin/login4e48.html]
[biostat.app.vumc.org/wiki/Main/WikiUsers.html]
[biostat.app.vumc.org/wiki/index.html]
[biostat.app.vumc.org/wiki/Main/DalePlummer.html]
[biostat.app.vumc.org/wiki/bin/attach/Main/DalePlummer.html]
[biostat.app.vumc.org/wiki/pub/Main/DalePlummer/dale.JPG]
[biostat.app.vumc.org/wiki/Main/DoNotSendMeLinksBoilerplate.html]
[biostat.app.vumc.org/wiki/Main/DalePlummerBiosketch.html]
[biostat.app.vumc.org/wiki/Main/ProtectingYourData.html]
[biostat.app.vumc.org/wiki/pub/Main/ProtectingYourData/ProtectingYourData.pdf]
[biostat.app.vumc.org/wiki/Main/DalesNotes.html]
[biostat.app.vumc.org/wiki/Main/RdmGroup.html]
[biostat.app.vumc.org/wiki/Main/DalePlummerNotifyList.html]
[biostat.app.vumc.org/wiki/Main/DalePlummerLeftBar.html]
[biostat.app.vumc.org/wiki/Main/PowerSampleSize.html]
[biostat.app.vumc.org/wiki/Main/RelativeToAbsoluteRisks.html]
[biostat.app.vumc.org/wiki/pub/Main/DalePlummer/hannah.jpg]
[biostat.app.vumc.org/wiki/Main/SupplementSamples.html]
[biostat.app.vumc.org/wiki/pub/Main/DalePlummer/kyle3.jpg]
[biostat.app.vumc.org/wiki/pub/System/DocumentGraphics/hand.png]
[biostat.app.vumc.org/wiki/pub/Main/DalePlummer/picard.gif]
[biostat.app.vumc.org/wiki/System/UserForm.html]
[biostat.app.vumc.org/wiki/bin/edit/Main/DalePlummer4ad3.html]
[biostat.app.vumc.org/wiki/pub/System/DocumentGraphics/toggleopen.png]
[biostat.app.vumc.org/wiki/pub/System/DocumentGraphics/toggleclose.png]
[biostat.app.vumc.org/wiki/pub/System/DocumentGraphics/else.png]
[biostat.app.vumc.org/wiki/pub/Main/DalePlummer/ATEN.TTF]
[biostat.app.vumc.org/wiki/bin/attach/Main/DalePlummer850f.html]
[biostat.app.vumc.org/wiki/Main/DalePlummer/index33a1.html]
[biostat.app.vumc.org/wiki/Main/DalePlummer/index76e2.html]
[biostat.app.vumc.org/wiki/Main/DalePlummer/index44bd.html]
[biostat.app.vumc.org/wiki/Main/DalePlummer/indexb21c.html]
[biostat.app.vumc.org/wiki/pub/Main/DalePlummer/Checklists_ED_interventions.dta]
[biostat.app.vumc.org/wiki/bin/attach/Main/DalePlummer13e6.html]
[biostat.app.vumc.org/wiki/pub/System/DocumentGraphics/mov.png]
[biostat.app.vumc.org/wiki/Main/DalePlummer/indexe84d.html]
[biostat.app.vumc.org/wiki/Main/DalePlummer/indexd1c3.html]
[biostat.app.vumc.org/wiki/Main/DalePlummer/indexbf07.html]
[biostat.app.vumc.org/wiki/pub/Main/DalePlummer/CortexXDR_Agent_Installation_macOS_Big_Sur.mp4]
[biostat.app.vumc.org/wiki/bin/attach/Main/DalePlummerdfcf.html]
[biostat.app.vumc.org/wiki/bin/attach/Main/DalePlummere933.html]
[biostat.app.vumc.org/wiki/pub/System/DocumentGraphics/png.png]
[biostat.app.vumc.org/wiki/pub/Main/DalePlummer/dept.png]
[biostat.app.vumc.org/wiki/bin/attach/Main/DalePlummer9538.html]
[biostat.app.vumc.org/wiki/pub/System/DocumentGraphics/zip.png]
[biostat.app.vumc.org/wiki/pub/Main/DalePlummer/ds.zip]
[biostat.app.vumc.org/wiki/bin/attach/Main/DalePlummer2ba0.html]
[biostat.app.vumc.org/wiki/pub/Main/DalePlummer/final.zip]
[biostat.app.vumc.org/wiki/bin/attach/Main/DalePlummerd5a2.html]
[biostat.app.vumc.org/wiki/pub/System/DocumentGraphics/jpg.png]
[biostat.app.vumc.org/wiki/bin/attach/Main/DalePlummer38b9.html]
[biostat.app.vumc.org/wiki/pub/System/DocumentGraphics/txt.png]
[biostat.app.vumc.org/wiki/pub/Main/DalePlummer/im_re_nameservers.txt]
[biostat.app.vumc.org/wiki/bin/attach/Main/DalePlummerea3c.html]
[biostat.app.vumc.org/wiki/pub/System/DocumentGraphics/bat.png]
[biostat.app.vumc.org/wiki/pub/Main/DalePlummer/knitr.bat]
[biostat.app.vumc.org/wiki/bin/attach/Main/DalePlummercde0.html]
[biostat.app.vumc.org/wiki/bin/attach/Main/DalePlummerdaff.html]
[biostat.app.vumc.org/wiki/pub/System/DocumentGraphics/gif.png]
[biostat.app.vumc.org/wiki/bin/attach/Main/DalePlummerd5aa.html]
[biostat.app.vumc.org/wiki/pub/Main/DalePlummer/ps_icon.png]
[biostat.app.vumc.org/wiki/bin/attach/Main/DalePlummer57b3.html]
[biostat.app.vumc.org/wiki/pub/Main/DalePlummer/saslogo2.png]
[biostat.app.vumc.org/wiki/bin/attach/Main/DalePlummer1ed3.html]
[biostat.app.vumc.org/wiki/pub/Main/DalePlummer/sentinel.zip]
[biostat.app.vumc.org/wiki/bin/attach/Main/DalePlummer7220.html]
[biostat.app.vumc.org/wiki/pub/Main/DalePlummer/sources.list]
[biostat.app.vumc.org/wiki/bin/attach/Main/DalePlummer7cbe.html]
[biostat.app.vumc.org/wiki/pub/System/DocumentGraphics/ttf.png]
[biostat.app.vumc.org/wiki/pub/Main/DalePlummer/symbol.ttf]
[biostat.app.vumc.org/wiki/bin/attach/Main/DalePlummer8cd3.html]
[biostat.app.vumc.org/wiki/pub/Main/DalePlummer/v.png]
[biostat.app.vumc.org/wiki/bin/attach/Main/DalePlummer48dc.html]
[biostat.app.vumc.org/wiki/Main/DalePlummer301f.html]
[biostat.app.vumc.org/wiki/bin/oops/Main/DalePlummer46d7.html]
[biostat.app.vumc.org/wiki/bin/compare/Main/DalePlummerc859.html]
[biostat.app.vumc.org/wiki/Main/DalePlummer63fd.html]
[biostat.app.vumc.org/wiki/bin/compare/Main/DalePlummer5c8d.html]
[biostat.app.vumc.org/wiki/Main/DalePlummer374f.html]
[biostat.app.vumc.org/wiki/bin/compare/Main/DalePlummeraf1e.html]
[biostat.app.vumc.org/wiki/Main/DalePlummerea54.html]
[biostat.app.vumc.org/wiki/Main/DalePlummera0b9.html]
[biostat.app.vumc.org/wiki/Main/DalePlummera62c.html]
[biostat.app.vumc.org/wiki/bin/edit/Main/DalePlummer9abe.html]
[biostat.app.vumc.org/wiki/Main/DalePlummer01a9.html]
[biostat.app.vumc.org/wiki/Main/WebSearch.html]
[biostat.app.vumc.org/wiki/Main/WebChanges.html]
[biostat.app.vumc.org/wiki/bin/changes/Main.html]
[biostat.app.vumc.org/wiki/Main/WebIndex.html]
[biostat.app.vumc.org/wiki/Archive/WebHome.html]
[biostat.app.vumc.org/wiki/Sandbox/WebHome.html]
[biostat.app.vumc.org/wiki/System/WebHome.html]
[biostat.app.vumc.org/wiki/pub/System/ProjectLogos/foswiki-badge.png]
[biostat.app.vumc.org/wiki/Main/DalePlummer/index.html]
[biostat.app.vumc.org/wiki/bin/edit/Main/DalePlummerd5a0.html]
[biostat.app.vumc.org/wiki/pub/System/PageOptimizerPlugin/cache/76ea346e610aea74367a807e2dd00ef6.css]
[biostat.app.vumc.org/wiki/pub/System/PatternSkin/print.css]
[biostat.app.vumc.org/wiki/Main/WebHome.html]
[biostat.app.vumc.org/wiki/System/UserRegistration.html]
[biostat.app.vumc.org/wiki/bin/login4e48.html]
[biostat.app.vumc.org/wiki/index.html]
[biostat.app.vumc.org/wiki/Main/WikiUsers.html]
[biostat.app.vumc.org/wiki/Main/DalePlummer.html]
[biostat.app.vumc.org/wiki/bin/attach/Main/DalePlummer.html]
[biostat.app.vumc.org/wiki/Main/DoNotSendMeLinksBoilerplate.html]
[biostat.app.vumc.org/wiki/Main/DalePlummerBiosketch.html]
[biostat.app.vumc.org/wiki/Main/ProtectingYourData.html]
[biostat.app.vumc.org/wiki/Main/DalesNotes.html]
[biostat.app.vumc.org/wiki/Main/RdmGroup.html]
[biostat.app.vumc.org/wiki/Main/DalePlummerNotifyList.html]
[biostat.app.vumc.org/wiki/Main/DalePlummerLeftBar.html]
[biostat.app.vumc.org/wiki/Main/PowerSampleSize.html]
[biostat.app.vumc.org/wiki/Main/RelativeToAbsoluteRisks.html]
[biostat.app.vumc.org/wiki/Main/SupplementSamples.html]
[biostat.app.vumc.org/wiki/System/UserForm.html]
[biostat.app.vumc.org/wiki/bin/edit/Main/DalePlummer4ad3.html]
[biostat.app.vumc.org/wiki/Main/DalePlummer/index33a1.html]
[biostat.app.vumc.org/wiki/Main/DalePlummer/index44bd.html]
[biostat.app.vumc.org/wiki/Main/DalePlummer/index76e2.html]
[biostat.app.vumc.org/wiki/Main/DalePlummer/indexb21c.html]
[biostat.app.vumc.org/wiki/Main/DalePlummer/indexd1c3.html]
[biostat.app.vumc.org/wiki/Main/DalePlummer/indexe84d.html]
[biostat.app.vumc.org/wiki/Main/DalePlummer/indexbf07.html]
[biostat.app.vumc.org/wiki/bin/attach/Main/DalePlummer850f.html]
[biostat.app.vumc.org/wiki/bin/attach/Main/DalePlummer13e6.html]
[biostat.app.vumc.org/wiki/bin/attach/Main/DalePlummerdfcf.html]
[biostat.app.vumc.org/wiki/bin/attach/Main/DalePlummere933.html]
[biostat.app.vumc.org/wiki/bin/attach/Main/DalePlummer9538.html]
[biostat.app.vumc.org/wiki/bin/attach/Main/DalePlummer2ba0.html]
[biostat.app.vumc.org/wiki/bin/attach/Main/DalePlummerd5a2.html]
[biostat.app.vumc.org/wiki/bin/attach/Main/DalePlummer38b9.html]
[biostat.app.vumc.org/wiki/bin/attach/Main/DalePlummerea3c.html]
[biostat.app.vumc.org/wiki/bin/attach/Main/DalePlummercde0.html]
[biostat.app.vumc.org/wiki/bin/attach/Main/DalePlummerdaff.html]
[biostat.app.vumc.org/wiki/bin/attach/Main/DalePlummerd5aa.html]
[biostat.app.vumc.org/wiki/bin/attach/Main/DalePlummer57b3.html]
[biostat.app.vumc.org/wiki/bin/attach/Main/DalePlummer1ed3.html]
[biostat.app.vumc.org/wiki/bin/attach/Main/DalePlummer7220.html]
[biostat.app.vumc.org/wiki/bin/attach/Main/DalePlummer7cbe.html]
[biostat.app.vumc.org/wiki/bin/attach/Main/DalePlummer8cd3.html]
[biostat.app.vumc.org/wiki/bin/attach/Main/DalePlummer48dc.html]
[biostat.app.vumc.org/wiki/Main/DalePlummer301f.html]
[biostat.app.vumc.org/wiki/bin/oops/Main/DalePlummer46d7.html]
[biostat.app.vumc.org/wiki/bin/compare/Main/DalePlummerc859.html]
[biostat.app.vumc.org/wiki/Main/DalePlummer63fd.html]
[biostat.app.vumc.org/wiki/bin/compare/Main/DalePlummer5c8d.html]
[biostat.app.vumc.org/wiki/Main/DalePlummer374f.html]
[biostat.app.vumc.org/wiki/bin/compare/Main/DalePlummeraf1e.html]
[biostat.app.vumc.org/wiki/Main/DalePlummerea54.html]
[biostat.app.vumc.org/wiki/Main/DalePlummera0b9.html]
[biostat.app.vumc.org/wiki/Main/DalePlummera62c.html]
[biostat.app.vumc.org/wiki/bin/edit/Main/DalePlummer9abe.html]
[biostat.app.vumc.org/wiki/Main/DalePlummer01a9.html]
[biostat.app.vumc.org/wiki/Main/WebSearch.html]
[biostat.app.vumc.org/wiki/Main/WebChanges.html]
[biostat.app.vumc.org/wiki/bin/changes/Main.html]
[biostat.app.vumc.org/wiki/Main/WebIndex.html]
[biostat.app.vumc.org/wiki/Archive/WebHome.html]
[biostat.app.vumc.org/wiki/Sandbox/WebHome.html]
[biostat.app.vumc.org/wiki/System/WebHome.html]
